// Jest Snapshot v1, https://goo.gl/fbAQLP

exports[`renders WeatherList correctly 1`] = `
<ul
  className="MuiList-root-1 MuiList-padding-2"
/>
`;
