// Jest Snapshot v1, https://goo.gl/fbAQLP

exports[`renders Intro correctly 1`] = `
<section
  className="App"
>
  <div>
    <div
      className="MuiFormControl-root-1 MuiFormControl-marginNormal-2"
      style={
        Object {
          "padding": 24,
        }
      }
    >
      <div
        className="MuiInput-root-5 MuiInput-formControl-6 MuiInput-underline-9"
      >
        <input
          aria-invalid={false}
          className="MuiInput-input-13 MuiInput-inputType-16"
          disabled={false}
          name="longitude"
          onBlur={[Function]}
          onChange={[Function]}
          onFocus={[Function]}
          placeholder="Enter longitude"
          required={false}
          type="number"
        />
      </div>
    </div>
    <div
      className="MuiFormControl-root-1 MuiFormControl-marginNormal-2"
      style={
        Object {
          "padding": 24,
        }
      }
    >
      <div
        className="MuiInput-root-5 MuiInput-formControl-6 MuiInput-underline-9"
      >
        <input
          aria-invalid={false}
          className="MuiInput-input-13 MuiInput-inputType-16"
          disabled={false}
          name="latitude"
          onBlur={[Function]}
          onChange={[Function]}
          onFocus={[Function]}
          placeholder="Enter latitude"
          required={false}
          type="number"
        />
      </div>
    </div>
    <div
      className="MuiFormControl-root-1"
    >
      <label
        className="MuiFormLabel-root-23 MuiInputLabel-root-18 MuiInputLabel-formControl-19 MuiInputLabel-animated-22 MuiInputLabel-shrink-21"
        data-shrink={true}
        htmlFor="date"
      >
        Pick date
      </label>
      <div
        className="MuiInput-root-5 MuiInput-formControl-6 MuiInput-underline-9"
      >
        <input
          aria-invalid={false}
          className="MuiInput-input-13 MuiInput-inputType-16"
          disabled={false}
          id="date"
          name="date"
          onBlur={[Function]}
          onChange={[Function]}
          onFocus={[Function]}
          required={false}
          type="date"
        />
      </div>
    </div>
  </div>
  <button
    className="MuiButtonBase-root-56 MuiButton-root-30 MuiButton-text-32 MuiButton-flat-35"
    disabled={false}
    onBlur={[Function]}
    onClick={[Function]}
    onFocus={[Function]}
    onKeyDown={[Function]}
    onKeyUp={[Function]}
    onMouseDown={[Function]}
    onMouseLeave={[Function]}
    onMouseUp={[Function]}
    onTouchEnd={[Function]}
    onTouchMove={[Function]}
    onTouchStart={[Function]}
    tabIndex="0"
    type="button"
  >
    <span
      className="MuiButton-label-31"
    >
      Forecasted daily weather
    </span>
    <span
      className="MuiTouchRipple-root-59"
    />
  </button>
  <button
    className="MuiButtonBase-root-56 MuiButton-root-30 MuiButton-text-32 MuiButton-flat-35"
    disabled={false}
    onBlur={[Function]}
    onClick={[Function]}
    onFocus={[Function]}
    onKeyDown={[Function]}
    onKeyUp={[Function]}
    onMouseDown={[Function]}
    onMouseLeave={[Function]}
    onMouseUp={[Function]}
    onTouchEnd={[Function]}
    onTouchMove={[Function]}
    onTouchStart={[Function]}
    tabIndex="0"
    type="button"
  >
    <span
      className="MuiButton-label-31"
    >
      Observed daily weather
    </span>
    <span
      className="MuiTouchRipple-root-59"
    />
  </button>
</section>
`;
